Microchip MPLAB XC8 Compiler V2.41

Linker command line:

-W-3 \
  --edf=C:\Program Files\Microchip\xc8\v2.41\pic\dat\20230208172133_en.msgs \
  -pivt0x8=08h -cn \
  -h+dist/default/production\MODBUS_IO_PIC18K42_ADC.X.production.sym \
  --cmf=dist/default/production\MODBUS_IO_PIC18K42_ADC.X.production.cmf -z \
  -Q18F45K42 -oC:\Users\ngoxu\AppData\Local\Temp\xcAsf6g.\driver_tmp_3.o \
  --defsym=__MPLAB_BUILD=1 --fixupoverflow=error \
  -Mdist/default/production/MODBUS_IO_PIC18K42_ADC.X.production.map \
  --md=C:\Users\ngoxu\AppData\Local\Temp\xcAsf6g.\driver_tmp_0.dat -E1 \
  -ver=XC8 Compiler --acfsm=1493 -ACODE=00h-07FFFh -ACONST=00h-07FFFh \
  -ASMALLCONST=0800h-08FFhx120 -AMEDIUMCONST=0800h-07FFFh -ACOMRAM=01h-05Fh \
  -AABS1=00h-07FFh -ABIGRAM=01h-07FFh -ARAM=060h-0FFh,0100h-01FFhx7 \
  -ABANK0=060h-0FFh -ABANK1=0100h-01FFh -ABANK2=0200h-02FFh \
  -ABANK3=0300h-03FFh -ABANK4=0400h-04FFh -ABANK5=0500h-05FFh \
  -ABANK6=0600h-06FFh -ABANK7=0700h-07FFh \
  -ASFR=03800h-038FFhx7,03F00h-03F5Fh,03F60h-03FFFh -ABIGSFR=03800h-03FFFh \
  -ACONFIG=0300000h-0300009h -AIDLOC=0200000h-020000Fh \
  -AEEDATA=0310000h-03100FFh -peeprom_data=EEDATA -preset_vec=00h \
  -ppowerup=CODE,init -pramtop=0800h -psmallconst=SMALLCONST \
  -pmediumconst=MEDIUMCONST -pconst=CONST -AFARRAM=00h-00h \
  -prdata=COMRAM,nvrram=COMRAM,nvbit=COMRAM,rbss=COMRAM,rbit=COMRAM \
  -pfarbss=FARRAM,fardata=FARRAM,nvFARRAM=FARRAM \
  -pintsave_regs=BIGRAM,bigbss=BIGRAM,bigdata=BIGRAM -pbss=RAM \
  -pidata=CODE,irdata=CODE,ibigdata=CODE,ifardata=CODE -prparam=COMRAM \
  C:\Users\ngoxu\AppData\Local\Temp\xcAsf6g.\driver_tmp_9.o \
  dist/default/production\MODBUS_IO_PIC18K42_ADC.X.production.o 

Object code version is 3.11

Machine type is 18F45K42



                Name                               Link     Load   Length Selector   Space Scale
C:\Users\ngoxu\AppData\Local\Temp\xcAsf6g.\driver_tmp_9.o
                idloc                            200000   200000       10        0       5
                config                           300000   300000        A        0       4
                init                                 1C       1C        4        4       0
                reset_vec                             0        0        4        0       0
dist/default/production\MODBUS_IO_PIC18K42_ADC.X.production.o
                idloc                            200000   200000       10        0       5
                config                           300000   300000        A        0       4
                mediumconst                        7DF6     7DF6      20A     3EFB       0
                ivt0x8                                8        8       14        4       0
                text63                             14DE     14DE       32        4       0
                text62                             16CE     16CE       12        4       0
                text61                              BDC      BDC       AE        4       0
                text60                             1786     1786        A        4       0
                text59                             1700     1700       10        4       0
                text58                             129A     129A       3E        4       0
                text57                             17A6     17A6        2      BD2       0
                text56                             11D6     11D6       44        4       0
                text55                             17A4     17A4        2      BD2       0
                text54                             15AC     15AC       24        4       0
                text53                             14AC     14AC       32        4       0
                text52                              C8A      C8A       AC        4       0
                text51                             177C     177C        A        4       0
                text50                             16F0     16F0       10        4       0
                text49                              F74      F74       60        4       0
                text48                             108C     108C       5C        4       0
                text47                             1030     1030       5C        4       0
                text46                             171E     171E        E        4       0
                text45                             168A     168A       1C        4       0
                text44                              DDC      DDC       A0        4       0
                text43                             15F2     15F2       22        4       0
                text42                             1772     1772        A        4       0
                text41                             12D8     12D8       3A        4       0
                text40                             1768     1768        A        4       0
                text39                             1190     1190       46        4       0
                text38                             175E     175E        A        4       0
                text37                             1754     1754        A        4       0
                text36                             174A     174A        A        4       0
                text35                             1740     1740        A        4       0
                text34                              E7C      E7C       88        4       0
                text33                             1736     1736        A        4       0
                text32                             1562     1562       26        4       0
                text31                             179C     179C        4        4       0
                text30                             166E     166E       1C        4       0
                text29                             15D0     15D0       22        4       0
                text28                             16A6     16A6       16        4       0
                text27                             1510     1510       2A        4       0
                text26                             153A     153A       28        4       0
                text25                             1790     1790        8        4       0
                text24                              956      956       F2        4       0
                text23                             113E     113E       52        4       0
                text22                             121A     121A       42        4       0
                text21                              D36      D36       A6        4       0
                text20                              B1A      B1A       C2        4       0
                text19                             1312     1312       38        4       0
                text18                             147A     147A       32        4       0
                text17                             16E0     16E0       10        4       0
                text16                             1650     1650       1E        4       0
                text15                             137E     137E       34        4       0
                text14                             1710     1710        E        4       0
                text13                              FD4      FD4       5C        4       0
                text12                             1632     1632       1E        4       0
                text11                             1614     1614       1E        4       0
                text10                             16BC     16BC       12        4       0
                text9                              10E8     10E8       56        4       0
                text8                              1588     1588       24        4       0
                text7                              134A     134A       34        4       0
                text6                              125C     125C       3E        4       0
                text5                               F04      F04       70        4       0
                text4                              1448     1448       32        4       0
                text3                              1416     1416       32        4       0
                text2                              13E4     13E4       32        4       0
                text1                              13B2     13B2       32        4       0
                text0                                20       20      936        4       0
                cstackCOMRAM                          1        1       2B        1       1
                cstackBANK0                          D2       D2        D       60       1
                cstackBANK2                         296      296       2A      200       1
                bssBIGRAM                           3FA      3FA      2E3      3FA       1
                bssBANK3                            300      300       FA      300       1
                bssBANK2                            200      200       96      200       1
                dataBANK1                           1D8      1D8        A      100       1
                bssBANK1                            100      100       D8      100       1
                dataBANK0                            DF       DF        3       60       1
                bssBANK0                             60       60       72       60       1
                dataCOMRAM                           4E       4E        4        1       1
                bssCOMRAM                            2C       2C       22        1       1
                cinit                               A48      A48       D2        4       0
                idataBANK1                         172C     172C        A        4       0
                idataBANK0                         17A0     17A0        3        4       0
                idataCOMRAM                        1798     1798        4        4       0

TOTAL           Name                               Link     Load   Length     Space
        CLASS   CODE           
                init                                 1C       1C        4         0
                reset_vec                             0        0        4         0
                ivt0x8                                8        8       14         0
                text63                             14DE     14DE       32         0
                text62                             16CE     16CE       12         0
                text61                              BDC      BDC       AE         0
                text60                             1786     1786        A         0
                text59                             1700     1700       10         0
                text58                             129A     129A       3E         0
                text57                             17A6     17A6        2         0
                text56                             11D6     11D6       44         0
                text55                             17A4     17A4        2         0
                text54                             15AC     15AC       24         0
                text53                             14AC     14AC       32         0
                text52                              C8A      C8A       AC         0
                text51                             177C     177C        A         0
                text50                             16F0     16F0       10         0
                text49                              F74      F74       60         0
                text48                             108C     108C       5C         0
                text47                             1030     1030       5C         0
                text46                             171E     171E        E         0
                text45                             168A     168A       1C         0
                text44                              DDC      DDC       A0         0
                text43                             15F2     15F2       22         0
                text42                             1772     1772        A         0
                text41                             12D8     12D8       3A         0
                text40                             1768     1768        A         0
                text39                             1190     1190       46         0
                text38                             175E     175E        A         0
                text37                             1754     1754        A         0
                text36                             174A     174A        A         0
                text35                             1740     1740        A         0
                text34                              E7C      E7C       88         0
                text33                             1736     1736        A         0
                text32                             1562     1562       26         0
                text31                             179C     179C        4         0
                text30                             166E     166E       1C         0
                text29                             15D0     15D0       22         0
                text28                             16A6     16A6       16         0
                text27                             1510     1510       2A         0
                text26                             153A     153A       28         0
                text25                             1790     1790        8         0
                text24                              956      956       F2         0
                text23                             113E     113E       52         0
                text22                             121A     121A       42         0
                text21                              D36      D36       A6         0
                text20                              B1A      B1A       C2         0
                text19                             1312     1312       38         0
                text18                             147A     147A       32         0
                text17                             16E0     16E0       10         0
                text16                             1650     1650       1E         0
                text15                             137E     137E       34         0
                text14                             1710     1710        E         0
                text13                              FD4      FD4       5C         0
                text12                             1632     1632       1E         0
                text11                             1614     1614       1E         0
                text10                             16BC     16BC       12         0
                text9                              10E8     10E8       56         0
                text8                              1588     1588       24         0
                text7                              134A     134A       34         0
                text6                              125C     125C       3E         0
                text5                               F04      F04       70         0
                text4                              1448     1448       32         0
                text3                              1416     1416       32         0
                text2                              13E4     13E4       32         0
                text1                              13B2     13B2       32         0
                text0                                20       20      936         0
                cinit                               A48      A48       D2         0
                idataBANK1                         172C     172C        A         0
                idataBANK0                         17A0     17A0        3         0
                idataCOMRAM                        1798     1798        4         0

        CLASS   CONST          

        CLASS   SMALLCONST     

        CLASS   MEDIUMCONST    
                mediumconst                        7DF6     7DF6      20A         0

        CLASS   COMRAM         
                cstackCOMRAM                          1        1       2B         1
                dataCOMRAM                           4E       4E        4         1
                bssCOMRAM                            2C       2C       22         1

        CLASS   ABS1           

        CLASS   BIGRAM         
                bssBIGRAM                           3FA      3FA      2E3         1

        CLASS   RAM            

        CLASS   BANK0          
                cstackBANK0                          D2       D2        D         1
                dataBANK0                            DF       DF        3         1
                bssBANK0                             60       60       72         1

        CLASS   BANK1          
                dataBANK1                           1D8      1D8        A         1
                bssBANK1                            100      100       D8         1

        CLASS   BANK2          
                cstackBANK2                         296      296       2A         1
                bssBANK2                            200      200       96         1

        CLASS   BANK3          
                bssBANK3                            300      300       FA         1

        CLASS   BANK4          

        CLASS   BANK5          

        CLASS   BANK6          

        CLASS   BANK7          

        CLASS   SFR            

        CLASS   BIGSFR         

        CLASS   CONFIG         
                config                           300000   300000        A         4

        CLASS   IDLOC          
                idloc                            200000   200000       10         5

        CLASS   EEDATA         

        CLASS   FARRAM         

        CLASS   HEAP           

        CLASS   STACK          



SEGMENTS        Name                           Load    Length   Top    Selector   Space  Class

                reset_vec                      000000  000004  000004         0       0  CODE    
                cstackCOMRAM                   000001  000051  000052         1       1  COMRAM  
                ivt0x8                         000008  00179B  0017A3         4       0  CODE    
                bssBANK0                       000060  000082  0000E2        60       1  BANK0   
                bssBANK1                       000100  0000E2  0001E2       100       1  BANK1   
                bssBANK2                       000200  0000C0  0002C0       200       1  BANK2   
                bssBANK3                       000300  0000FA  0003FA       300       1  BANK3   
                bssBIGRAM                      0003FA  0002E3  0006DD       3FA       1  BIGRAM  
                text55                         0017A4  000004  0017A8       BD2       0  CODE    
                mediumconst                    007DF6  00020A  008000      3EFB       0  MEDIUMCO


UNUSED ADDRESS RANGES

        Name                Unused          Largest block    Delta
        BANK0            0000E2-0000FF               1E
        BANK1            0001E2-0001FF               1E
        BANK2            0002C0-0002FF               40
        BANK6            0006DD-0006FF               23
        BANK7            000700-0007FF              100
        BIGRAM           000052-00005F                E
                         0000E2-0000FF               1E
                         0001E2-0001FF               1E
                         0002C0-0002FF               40
                         0006DD-0007FF              123
        BIGSFR           003800-003FFF              800
        CODE             000004-000007                4
                         0017A3-0017A3                1
                         0017A8-007DF5             664E
        COMRAM           000052-00005F                E
        CONST            000004-000007                4
                         0017A3-0017A3                1
                         0017A8-007DF5             664E
        EEDATA           310000-3100FF              100
        MEDIUMCONST      0017A3-0017A3                1
                         0017A8-007DF5             664E
        RAM              0000E2-0000FF               1E
                         0001E2-0001FF               1E
                         0002C0-0002FF               40
                         0006DD-0007FF               23
        SFR              003800-003FFF              100
        SMALLCONST       0017A3-0017A3                1
                         0017A8-007DF5              100

                                  Symbol Table

?___lwdiv                                         cstackCOMRAM 00000F
?___lwmod                                         cstackCOMRAM 000016
?_make16                                          cstackCOMRAM 00000F
EEPROM_Read@Address                               cstackCOMRAM 00000F
EEPROM_Read@Data                                  cstackCOMRAM 000010
EEPROM_Write@Address                              cstackCOMRAM 000010
EEPROM_Write@Data                                 cstackCOMRAM 00000F
EEPROM_Write@time                                 cstackCOMRAM 000011
IVTBASEH                                          (abs)        003FD6
IVTBASEL                                          (abs)        003FD5
IVTBASEU                                          (abs)        003FD7
RCV_ON@j                                          cstackCOMRAM 00000F
TMR0_SetInterruptHandler@InterruptHandler         cstackCOMRAM 00000F
TMR1_SetInterruptHandler@InterruptHandler         cstackCOMRAM 00000F
TMR1_WriteTimer@timerVal                          cstackCOMRAM 00000A
UART1_SetErrorHandler@interruptHandler            cstackCOMRAM 00000F
UART1_SetFramingErrorHandler@interruptHandler     cstackCOMRAM 00000F
UART1_SetOverrunErrorHandler@interruptHandler     cstackCOMRAM 00000F
UART1_SetRxInterruptHandler@InterruptHandler      cstackCOMRAM 00000F
UART1_Write@t                                     cstackCOMRAM 000022
UART1_Write@txData                                cstackCOMRAM 000021
_ADACCH                                           (abs)        003EE9
_ADACCL                                           (abs)        003EE8
_ADACCU                                           (abs)        003EEA
_ADACQH                                           (abs)        003EF4
_ADACQL                                           (abs)        003EF3
_ADACT                                            (abs)        003EFE
_ADCAP                                            (abs)        003EF5
_ADCC_Initialize                                  text47       001030
_ADCLK                                            (abs)        003EFF
_ADCNT                                            (abs)        003EEB
_ADCON0                                           (abs)        003EF8
_ADCON1                                           (abs)        003EF9
_ADCON2                                           (abs)        003EFA
_ADCON3                                           (abs)        003EFB
_ADERRH                                           (abs)        003EE3
_ADERRL                                           (abs)        003EE2
_ADFLTRH                                          (abs)        003EE7
_ADFLTRL                                          (abs)        003EE6
_ADLTHH                                           (abs)        003EDF
_ADLTHL                                           (abs)        003EDE
_ADPCH                                            (abs)        003EF1
_ADPREH                                           (abs)        003EF7
_ADPREL                                           (abs)        003EF6
_ADPREVH                                          (abs)        003EEE
_ADPREVL                                          (abs)        003EED
_ADREF                                            (abs)        003EFD
_ADRESH                                           (abs)        003EF0
_ADRESL                                           (abs)        003EEF
_ADRPT                                            (abs)        003EEC
_ADSTAT                                           (abs)        003EFC
_ADSTPTH                                          (abs)        003EE5
_ADSTPTL                                          (abs)        003EE4
_ADUTHH                                           (abs)        003EE1
_ADUTHL                                           (abs)        003EE0
_ANSELA                                           (abs)        003A40
_ANSELB                                           (abs)        003A50
_ANSELC                                           (abs)        003A60
_ANSELD                                           (abs)        003A70
_ANSELE                                           (abs)        003A80
_EEPROM_Read                                      text29       0015D0
_EEPROM_Write                                     text48       00108C
_INLVLA                                           (abs)        003A44
_INLVLB                                           (abs)        003A54
_INLVLC                                           (abs)        003A64
_INLVLD                                           (abs)        003A74
_INLVLE                                           (abs)        003A84
_INTCON0bits                                      (abs)        003FD2
_INTERRUPT_Initialize                             text46       00171E
_INTERRUPT_InterruptManagerHigh                   text58       00129A
_INTERRUPT_InterruptManagerLow                    text49       000F74
_IPR3bits                                         (abs)        003983
_IPR4bits                                         (abs)        003984
_IPR6bits                                         (abs)        003986
_LATA                                             (abs)        003FBA
_LATAbits                                         (abs)        003FBA
_LATB                                             (abs)        003FBB
_LATBbits                                         (abs)        003FBB
_LATC                                             (abs)        003FBC
_LATCbits                                         (abs)        003FBC
_LATD                                             (abs)        003FBD
_LATDbits                                         (abs)        003FBD
_LATE                                             (abs)        003FBE
_LATEbits                                         (abs)        003FBE
_NVMADRL                                          (abs)        0039E0
_NVMCON1                                          (abs)        0039E5
_NVMCON1bits                                      (abs)        0039E5
_NVMCON2                                          (abs)        0039E6
_NVMDAT                                           (abs)        0039E3
_ODCONA                                           (abs)        003A42
_ODCONB                                           (abs)        003A52
_ODCONC                                           (abs)        003A62
_ODCOND                                           (abs)        003A72
_ODCONE                                           (abs)        003A82
_OSCCON1                                          (abs)        0039D9
_OSCCON3                                          (abs)        0039DB
_OSCEN                                            (abs)        0039DD
_OSCFRQ                                           (abs)        0039DF
_OSCILLATOR_Initialize                            text45       00168A
_OSCTUNE                                          (abs)        0039DE
_PCON0bits                                        (abs)        003FF0
_PIE3bits                                         (abs)        003993
_PIE4bits                                         (abs)        003994
_PIE6bits                                         (abs)        003996
_PIN_MANAGER_Initialize                           text44       000DDC
_PIR2bits                                         (abs)        0039A2
_PIR3bits                                         (abs)        0039A3
_PIR4bits                                         (abs)        0039A4
_PIR6bits                                         (abs)        0039A6
_PLLR                                             (abs)        01CEE0
_PMD0                                             (abs)        0039C0
_PMD1                                             (abs)        0039C1
_PMD2                                             (abs)        0039C2
_PMD3                                             (abs)        0039C3
_PMD4                                             (abs)        0039C4
_PMD5                                             (abs)        0039C5
_PMD6                                             (abs)        0039C6
_PMD7                                             (abs)        0039C7
_PMD_Initialize                                   text43       0015F2
_PORTCbits                                        (abs)        003FCC
_PORTDbits                                        (abs)        003FCD
_RB1I2C                                           (abs)        003A5A
_RB2I2C                                           (abs)        003A5B
_RC3I2C                                           (abs)        003A6A
_RC4I2C                                           (abs)        003A6B
_RC6PPS                                           (abs)        003A16
_RCV_OFF                                          text25       001790
_RCV_ON                                           text15       00137E
_RD0I2C                                           (abs)        003A7A
_RD1I2C                                           (abs)        003A7B
_SLRCONA                                          (abs)        003A43
_SLRCONB                                          (abs)        003A53
_SLRCONC                                          (abs)        003A63
_SLRCOND                                          (abs)        003A73
_SLRCONE                                          (abs)        003A83
_SPI1BAUD                                         (abs)        003D19
_SPI1CLK                                          (abs)        003D1C
_SPI1CON0                                         (abs)        003D14
_SPI1CON1                                         (abs)        003D15
_SPI1CON2                                         (abs)        003D16
_SPI1RXB                                          (abs)        003D10
_SPI1TCNTL                                        (abs)        003D12
_SPI1TXB                                          (abs)        003D11
_SYSTEM_Initialize                                text32       001562
_T0CON0                                           (abs)        003FB8
_T0CON1                                           (abs)        003FB9
_T1CLK                                            (abs)        003FB5
_T1CON                                            (abs)        003FB2
_T1CONbits                                        (abs)        003FB2
_T1GATE                                           (abs)        003FB4
_T1GCON                                           (abs)        003FB3
_TMR0H                                            (abs)        003FB7
_TMR0L                                            (abs)        003FB6
_TMR0_DefaultInterruptHandler                     text57       0017A6
_TMR0_ISR                                         text56       0011D6
_TMR0_Initialize                                  text41       0012D8
_TMR0_InterruptHandler                            bssBANK0     0000B8
_TMR0_SetInterruptHandler                         text42       001772
_TMR1H                                            (abs)        003FB1
_TMR1L                                            (abs)        003FB0
_TMR1_DefaultInterruptHandler                     text55       0017A4
_TMR1_ISR                                         text53       0014AC
_TMR1_Initialize                                  text39       001190
_TMR1_InterruptHandler                            bssBANK0     0000A4
_TMR1_SetInterruptHandler                         text40       001768
_TMR1_WriteTimer                                  text54       0015AC
_TRISA                                            (abs)        003FC2
_TRISB                                            (abs)        003FC3
_TRISC                                            (abs)        003FC4
_TRISD                                            (abs)        003FC5
_TRISE                                            (abs)        003FC6
_TimeOutt                                         bssBANK0     000081
_U1BRGH                                           (abs)        003DF6
_U1BRGL                                           (abs)        003DF5
_U1CON0                                           (abs)        003DF2
_U1CON1                                           (abs)        003DF3
_U1CON2                                           (abs)        003DF4
_U1ERRIE                                          (abs)        003DFA
_U1ERRIR                                          (abs)        003DF9
_U1ERRIRbits                                      (abs)        003DF9
_U1FIFO                                           (abs)        003DF7
_U1P1H                                            (abs)        003DED
_U1P1L                                            (abs)        003DEC
_U1P2H                                            (abs)        003DEF
_U1P2L                                            (abs)        003DEE
_U1P3H                                            (abs)        003DF1
_U1P3L                                            (abs)        003DF0
_U1RXB                                            (abs)        003DE8
_U1RXPPS                                          (abs)        003AE5
_U1TXB                                            (abs)        003DEA
_U1UIR                                            (abs)        003DF8
_U2BRGH                                           (abs)        003DDE
_U2BRGL                                           (abs)        003DDD
_U2CON0                                           (abs)        003DDA
_U2CON1                                           (abs)        003DDB
_U2CON2                                           (abs)        003DDC
_U2ERRIE                                          (abs)        003DE2
_U2ERRIR                                          (abs)        003DE1
_U2ERRIRbits                                      (abs)        003DE1
_U2FIFO                                           (abs)        003DDF
_U2P1L                                            (abs)        003DD4
_U2P2L                                            (abs)        003DD6
_U2P3L                                            (abs)        003DD8
_U2RXB                                            (abs)        003DD0
_U2TXB                                            (abs)        003DD2
_U2UIR                                            (abs)        003DE0
_UART1_DefaultErrorHandler                        (abs)        000000
_UART1_DefaultFramingErrorHandler                 (abs)        000000
_UART1_DefaultOverrunErrorHandler                 (abs)        000000
_UART1_ErrorHandler                               bssBANK0     0000AE
_UART1_FramingErrorHandler                        bssBANK0     0000B2
_UART1_Initialize                                 text34       000E7C
_UART1_OverrunErrorHandler                        bssBANK0     0000B0
_UART1_Receive_ISR                                text59       001700
_UART1_RxDataHandler                              text60       001786
_UART1_RxInterruptHandler                         bssBANK0     0000B4
_UART1_SetErrorHandler                            text38       00175E
_UART1_SetFramingErrorHandler                     text37       001754
_UART1_SetOverrunErrorHandler                     text36       00174A
_UART1_SetRxInterruptHandler                      text35       001740
_UART1_Write                                      text19       001312
_UART1_is_tx_done                                 text14       001710
_UART2_DefaultErrorHandler                        (abs)        000000
_UART2_DefaultFramingErrorHandler                 (abs)        000000
_UART2_DefaultOverrunErrorHandler                 (abs)        000000
_UART2_ErrorHandler                               bssBANK0     0000A8
_UART2_FramingErrorHandler                        bssBANK0     0000AC
_UART2_OverrunErrorHandler                        bssBANK0     0000AA
_UART2_Receive_ISR                                text50       0016F0
_UART2_RxDataHandler                              text51       00177C
_UART2_RxInterruptHandler                         bssBANK0     0000B6
_WDTCON0                                          (abs)        00395B
_WDTCON0bits                                      (abs)        00395B
_WDTCON1                                          (abs)        00395C
_WPUA                                             (abs)        003A41
_WPUB                                             (abs)        003A51
_WPUC                                             (abs)        003A61
_WPUD                                             (abs)        003A71
_WPUE                                             (abs)        003A81
_WWDT_Initialize                                  text33       001736
_WWDT_SoftEnable                                  text31       00179C
__HRAM                                            (abs)        000000
__H__absolute__                                   __absolute__ 000000
__Habs1                                           abs1         000000
__Hbank0                                          bank0        000000
__Hbank1                                          bank1        000000
__Hbank2                                          bank2        000000
__Hbank3                                          bank3        000000
__Hbank4                                          bank4        000000
__Hbank5                                          bank5        000000
__Hbank6                                          bank6        000000
__Hbank7                                          bank7        000000
__Hbigbss                                         bigbss       000000
__Hbigdata                                        bigdata      000000
__Hbigram                                         bigram       000000
__Hbigsfr                                         bigsfr       000000
__Hbss                                            bss          000000
__HbssBANK0                                       bssBANK0     000000
__HbssBANK1                                       bssBANK1     000000
__HbssBANK2                                       bssBANK2     000000
__HbssBANK3                                       bssBANK3     000000
__HbssBIGRAM                                      bssBIGRAM    000000
__HbssCOMRAM                                      bssCOMRAM    000000
__Hcinit                                          cinit        000000
__Hclrtext                                        clrtext      000000
__Hcomram                                         comram       000000
__Hconfig                                         config       30000A
__Hconst                                          const        000000
__HcstackBANK0                                    cstackBANK0  000000
__HcstackBANK2                                    cstackBANK2  000000
__HcstackCOMRAM                                   cstackCOMRAM 000000
__Hdata                                           data         000000
__HdataBANK0                                      dataBANK0    000000
__HdataBANK1                                      dataBANK1    000000
__HdataCOMRAM                                     dataCOMRAM   000000
__Heeprom_data                                    eeprom_data  000000
__Hfarbss                                         farbss       000000
__Hfardata                                        fardata      000000
__Hheap                                           heap         000000
__Hibigdata                                       ibigdata     000000
__Hidata                                          idata        000000
__HidataBANK0                                     idataBANK0   000000
__HidataBANK1                                     idataBANK1   000000
__HidataCOMRAM                                    idataCOMRAM  000000
__Hidloc                                          idloc        200010
__Hifardata                                       ifardata     000000
__Hinit                                           init         000020
__Hintsave_regs                                   intsave_regs 000000
__Hirdata                                         irdata       000000
__Hivt0x8                                         ivt0x8       00001C
__Hmediumconst                                    mediumconst  008000
__HnvFARRAM                                       nvFARRAM     000000
__Hnvbit                                          nvbit        000000
__Hnvrram                                         nvrram       000000
__Hparam                                          rparam       000000
__Hpowerup                                        powerup      000000
__Hram                                            ram          000000
__Hramtop                                         ramtop       000800
__Hrbit                                           rbit         000000
__Hrbss                                           rbss         000000
__Hrdata                                          rdata        000000
__Hreset_vec                                      reset_vec    000004
__Hrparam                                         rparam       000000
__Hsfr                                            sfr          000000
__Hsmallconst                                     smallconst   000000
__Hspace_0                                        (abs)        008000
__Hspace_1                                        (abs)        0006DD
__Hspace_2                                        (abs)        000000
__Hspace_4                                        (abs)        60000A
__Hstack                                          stack        000000
__Hstruct                                         struct       000000
__Htemp                                           temp         000000
__Htext                                           text         000000
__Htext0                                          text0        000000
__Htext1                                          text1        000000
__Htext10                                         text10       000000
__Htext11                                         text11       000000
__Htext12                                         text12       000000
__Htext13                                         text13       000000
__Htext14                                         text14       000000
__Htext15                                         text15       000000
__Htext16                                         text16       000000
__Htext17                                         text17       000000
__Htext18                                         text18       000000
__Htext19                                         text19       000000
__Htext2                                          text2        000000
__Htext20                                         text20       000000
__Htext21                                         text21       000000
__Htext22                                         text22       000000
__Htext23                                         text23       000000
__Htext24                                         text24       000000
__Htext25                                         text25       000000
__Htext26                                         text26       000000
__Htext27                                         text27       000000
__Htext28                                         text28       000000
__Htext29                                         text29       000000
__Htext3                                          text3        000000
__Htext30                                         text30       000000
__Htext31                                         text31       000000
__Htext32                                         text32       000000
__Htext33                                         text33       000000
__Htext34                                         text34       000000
__Htext35                                         text35       000000
__Htext36                                         text36       000000
__Htext37                                         text37       000000
__Htext38                                         text38       000000
__Htext39                                         text39       000000
__Htext4                                          text4        000000
__Htext40                                         text40       000000
__Htext41                                         text41       000000
__Htext42                                         text42       000000
__Htext43                                         text43       000000
__Htext44                                         text44       000000
__Htext45                                         text45       000000
__Htext46                                         text46       000000
__Htext47                                         text47       000000
__Htext48                                         text48       000000
__Htext49                                         text49       000000
__Htext5                                          text5        000000
__Htext50                                         text50       000000
__Htext51                                         text51       000000
__Htext52                                         text52       000000
__Htext53                                         text53       000000
__Htext54                                         text54       000000
__Htext55                                         text55       000000
__Htext56                                         text56       000000
__Htext57                                         text57       000000
__Htext58                                         text58       000000
__Htext59                                         text59       000000
__Htext6                                          text6        000000
__Htext60                                         text60       000000
__Htext61                                         text61       000000
__Htext62                                         text62       000000
__Htext63                                         text63       000000
__Htext64                                         text64       000000
__Htext7                                          text7        000000
__Htext8                                          text8        000000
__Htext9                                          text9        000000
__LRAM                                            (abs)        000001
__L__absolute__                                   __absolute__ 000000
__Labs1                                           abs1         000000
__Lbank0                                          bank0        000000
__Lbank1                                          bank1        000000
__Lbank2                                          bank2        000000
__Lbank3                                          bank3        000000
__Lbank4                                          bank4        000000
__Lbank5                                          bank5        000000
__Lbank6                                          bank6        000000
__Lbank7                                          bank7        000000
__Lbigbss                                         bigbss       000000
__Lbigdata                                        bigdata      000000
__Lbigram                                         bigram       000000
__Lbigsfr                                         bigsfr       000000
__Lbss                                            bss          000000
__LbssBANK0                                       bssBANK0     000000
__LbssBANK1                                       bssBANK1     000000
__LbssBANK2                                       bssBANK2     000000
__LbssBANK3                                       bssBANK3     000000
__LbssBIGRAM                                      bssBIGRAM    000000
__LbssCOMRAM                                      bssCOMRAM    000000
__Lcinit                                          cinit        000000
__Lclrtext                                        clrtext      000000
__Lcomram                                         comram       000000
__Lconfig                                         config       000000
__Lconst                                          const        000000
__LcstackBANK0                                    cstackBANK0  000000
__LcstackBANK2                                    cstackBANK2  000000
__LcstackCOMRAM                                   cstackCOMRAM 000000
__Ldata                                           data         000000
__LdataBANK0                                      dataBANK0    000000
__LdataBANK1                                      dataBANK1    000000
__LdataCOMRAM                                     dataCOMRAM   000000
__Leeprom_data                                    eeprom_data  000000
__Lfarbss                                         farbss       000000
__Lfardata                                        fardata      000000
__Lheap                                           heap         000000
__Libigdata                                       ibigdata     000000
__Lidata                                          idata        000000
__LidataBANK0                                     idataBANK0   000000
__LidataBANK1                                     idataBANK1   000000
__LidataCOMRAM                                    idataCOMRAM  000000
__Lidloc                                          idloc        000000
__Lifardata                                       ifardata     000000
__Linit                                           init         00001C
__Lintsave_regs                                   intsave_regs 000000
__Lirdata                                         irdata       000000
__Livt0x8                                         ivt0x8       000008
__Lmediumconst                                    mediumconst  007DF6
__LnvFARRAM                                       nvFARRAM     000000
__Lnvbit                                          nvbit        000000
__Lnvrram                                         nvrram       000000
__Lparam                                          rparam       000000
__Lpowerup                                        powerup      000000
__Lram                                            ram          000000
__Lramtop                                         ramtop       000800
__Lrbit                                           rbit         000000
__Lrbss                                           rbss         000000
__Lrdata                                          rdata        000000
__Lreset_vec                                      reset_vec    000000
__Lrparam                                         rparam       000000
__Lsfr                                            sfr          000000
__Lsmallconst                                     smallconst   000000
__Lspace_0                                        (abs)        000000
__Lspace_1                                        (abs)        000000
__Lspace_2                                        (abs)        000000
__Lspace_4                                        (abs)        000000
__Lstack                                          stack        000000
__Lstruct                                         struct       000000
__Ltemp                                           temp         000000
__Ltext                                           text         000000
__Ltext0                                          text0        000000
__Ltext1                                          text1        000000
__Ltext10                                         text10       000000
__Ltext11                                         text11       000000
__Ltext12                                         text12       000000
__Ltext13                                         text13       000000
__Ltext14                                         text14       000000
__Ltext15                                         text15       000000
__Ltext16                                         text16       000000
__Ltext17                                         text17       000000
__Ltext18                                         text18       000000
__Ltext19                                         text19       000000
__Ltext2                                          text2        000000
__Ltext20                                         text20       000000
__Ltext21                                         text21       000000
__Ltext22                                         text22       000000
__Ltext23                                         text23       000000
__Ltext24                                         text24       000000
__Ltext25                                         text25       000000
__Ltext26                                         text26       000000
__Ltext27                                         text27       000000
__Ltext28                                         text28       000000
__Ltext29                                         text29       000000
__Ltext3                                          text3        000000
__Ltext30                                         text30       000000
__Ltext31                                         text31       000000
__Ltext32                                         text32       000000
__Ltext33                                         text33       000000
__Ltext34                                         text34       000000
__Ltext35                                         text35       000000
__Ltext36                                         text36       000000
__Ltext37                                         text37       000000
__Ltext38                                         text38       000000
__Ltext39                                         text39       000000
__Ltext4                                          text4        000000
__Ltext40                                         text40       000000
__Ltext41                                         text41       000000
__Ltext42                                         text42       000000
__Ltext43                                         text43       000000
__Ltext44                                         text44       000000
__Ltext45                                         text45       000000
__Ltext46                                         text46       000000
__Ltext47                                         text47       000000
__Ltext48                                         text48       000000
__Ltext49                                         text49       000000
__Ltext5                                          text5        000000
__Ltext50                                         text50       000000
__Ltext51                                         text51       000000
__Ltext52                                         text52       000000
__Ltext53                                         text53       000000
__Ltext54                                         text54       000000
__Ltext55                                         text55       000000
__Ltext56                                         text56       000000
__Ltext57                                         text57       000000
__Ltext58                                         text58       000000
__Ltext59                                         text59       000000
__Ltext6                                          text6        000000
__Ltext60                                         text60       000000
__Ltext61                                         text61       000000
__Ltext62                                         text62       000000
__Ltext63                                         text63       000000
__Ltext64                                         text64       000000
__Ltext7                                          text7        000000
__Ltext8                                          text8        000000
__Ltext9                                          text9        000000
__S0                                              (abs)        008000
__S1                                              (abs)        0006DD
__S4                                              (abs)        000000
__S5                                              (abs)        000000
___heap_hi                                        (abs)        000000
___heap_lo                                        (abs)        000000
___inthi_sp                                       stack        000000
___intlo_sp                                       stack        000000
___lwdiv                                          text23       00113E
___lwdiv@counter                                  cstackCOMRAM 000013
___lwdiv@dividend                                 cstackCOMRAM 00000F
___lwdiv@divisor                                  cstackCOMRAM 000011
___lwdiv@quotient                                 cstackCOMRAM 000014
___lwmod                                          text22       00121A
___lwmod@counter                                  cstackCOMRAM 00001A
___lwmod@dividend                                 cstackCOMRAM 000016
___lwmod@divisor                                  cstackCOMRAM 000018
___param_bank                                     (abs)        000000
___rparam_used                                    (abs)        000001
___sp                                             stack        000000
__accesstop                                       (abs)        000060
__activetblptr                                    (abs)        000002
__end_of_ADCC_Initialize                          text47       00108C
__end_of_EEPROM_Read                              text29       0015F2
__end_of_EEPROM_Write                             text48       0010E8
__end_of_INTERRUPT_Initialize                     text46       00172C
__end_of_INTERRUPT_InterruptManagerHigh           text58       0012D8
__end_of_INTERRUPT_InterruptManagerLow            text49       000FD4
__end_of_OSCILLATOR_Initialize                    text45       0016A6
__end_of_PIN_MANAGER_Initialize                   text44       000E7C
__end_of_PMD_Initialize                           text43       001614
__end_of_RCV_OFF                                  text25       001798
__end_of_RCV_ON                                   text15       0013B2
__end_of_SYSTEM_Initialize                        text32       001588
__end_of_TMR0_DefaultInterruptHandler             text57       0017A8
__end_of_TMR0_ISR                                 text56       00121A
__end_of_TMR0_Initialize                          text41       001312
__end_of_TMR0_SetInterruptHandler                 text42       00177C
__end_of_TMR1_DefaultInterruptHandler             text55       0017A6
__end_of_TMR1_ISR                                 text53       0014DE
__end_of_TMR1_Initialize                          text39       0011D6
__end_of_TMR1_SetInterruptHandler                 text40       001772
__end_of_TMR1_WriteTimer                          text54       0015D0
__end_of_UART1_Initialize                         text34       000F04
__end_of_UART1_Receive_ISR                        text59       001710
__end_of_UART1_RxDataHandler                      text60       001790
__end_of_UART1_SetErrorHandler                    text38       001768
__end_of_UART1_SetFramingErrorHandler             text37       00175E
__end_of_UART1_SetOverrunErrorHandler             text36       001754
__end_of_UART1_SetRxInterruptHandler              text35       00174A
__end_of_UART1_Write                              text19       00134A
__end_of_UART1_is_tx_done                         text14       00171E
__end_of_UART2_Receive_ISR                        text50       001700
__end_of_UART2_RxDataHandler                      text51       001786
__end_of_WWDT_Initialize                          text33       001740
__end_of_WWDT_SoftEnable                          text31       0017A0
__end_of___lwdiv                                  text23       001190
__end_of___lwmod                                  text22       00125C
__end_of__initialization                          cinit        000B10
__end_of_app_led7_init                            text30       00168A
__end_of_app_led7_task                            text20       000BDC
__end_of_display                                  text24       000A48
__end_of_handle_value                             text21       000DDC
__end_of_incomming_hmi_serial                     text52       000D36
__end_of_incomming_modbus_serial                  text61       000C8A
__end_of_load_eeprom                              text28       0016BC
__end_of_main                                     text0        000956
__end_of_make16                                   text27       00153A
__end_of_make8                                    text26       001562
__end_of_modbus_auchCRCHi                         mediumconst  007FF7
__end_of_modbus_auchCRCLo                         mediumconst  007EF7
__end_of_modbus_calc_crc                          text18       0014AC
__end_of_modbus_check_timeout                     text8        0015AC
__end_of_modbus_enable_timeout                    text10       0016CE
__end_of_modbus_exception_rsp                     text12       001650
__end_of_modbus_init                              text11       001632
__end_of_modbus_kbhit                             text7        00137E
__end_of_modbus_read_coils_rsp                    text6        00129A
__end_of_modbus_read_holding_registers_rsp        text5        000F74
__end_of_modbus_serial_putc                       text17       0016F0
__end_of_modbus_serial_send_start                 text16       00166E
__end_of_modbus_serial_send_stop                  text13       001030
__end_of_modbus_timeout_now                       text9        00113E
__end_of_modbus_write_multiple_coils_rsp          text4        00147A
__end_of_modbus_write_multiple_registers_rsp      text3        001448
__end_of_modbus_write_single_coil_rsp             text2        001416
__end_of_modbus_write_single_register_rsp         text1        0013E4
__end_of_spi1_configuration                       mediumconst  007FFC
__end_ofi2_modbus_calc_crc                        text63       001510
__end_ofi2_modbus_enable_timeout                  text62       0016E0
__initialization                                  cinit        000A48
__mediumconst                                     mediumconst  007DF6
__pbssBANK0                                       bssBANK0     000060
__pbssBANK1                                       bssBANK1     000100
__pbssBANK2                                       bssBANK2     000200
__pbssBANK3                                       bssBANK3     000300
__pbssBIGRAM                                      bssBIGRAM    0003FA
__pbssCOMRAM                                      bssCOMRAM    00002C
__pcinit                                          cinit        000A48
__pcstackBANK0                                    cstackBANK0  0000D2
__pcstackBANK2                                    cstackBANK2  000296
__pcstackCOMRAM                                   cstackCOMRAM 000001
__pdataBANK0                                      dataBANK0    0000DF
__pdataBANK1                                      dataBANK1    0001D8
__pdataCOMRAM                                     dataCOMRAM   00004E
__pidataBANK0                                     idataBANK0   0017A0
__pidataBANK1                                     idataBANK1   00172C
__pidataCOMRAM                                    idataCOMRAM  001798
__pivt0x8                                         ivt0x8       000008
__pmediumconst                                    mediumconst  007DF6
__ptext0                                          text0        000020
__ptext1                                          text1        0013B2
__ptext10                                         text10       0016BC
__ptext11                                         text11       001614
__ptext12                                         text12       001632
__ptext13                                         text13       000FD4
__ptext14                                         text14       001710
__ptext15                                         text15       00137E
__ptext16                                         text16       001650
__ptext17                                         text17       0016E0
__ptext18                                         text18       00147A
__ptext19                                         text19       001312
__ptext2                                          text2        0013E4
__ptext20                                         text20       000B1A
__ptext21                                         text21       000D36
__ptext22                                         text22       00121A
__ptext23                                         text23       00113E
__ptext24                                         text24       000956
__ptext25                                         text25       001790
__ptext26                                         text26       00153A
__ptext27                                         text27       001510
__ptext28                                         text28       0016A6
__ptext29                                         text29       0015D0
__ptext3                                          text3        001416
__ptext30                                         text30       00166E
__ptext31                                         text31       00179C
__ptext32                                         text32       001562
__ptext33                                         text33       001736
__ptext34                                         text34       000E7C
__ptext35                                         text35       001740
__ptext36                                         text36       00174A
__ptext37                                         text37       001754
__ptext38                                         text38       00175E
__ptext39                                         text39       001190
__ptext4                                          text4        001448
__ptext40                                         text40       001768
__ptext41                                         text41       0012D8
__ptext42                                         text42       001772
__ptext43                                         text43       0015F2
__ptext44                                         text44       000DDC
__ptext45                                         text45       00168A
__ptext46                                         text46       00171E
__ptext47                                         text47       001030
__ptext48                                         text48       00108C
__ptext49                                         text49       000F74
__ptext5                                          text5        000F04
__ptext50                                         text50       0016F0
__ptext51                                         text51       00177C
__ptext52                                         text52       000C8A
__ptext53                                         text53       0014AC
__ptext54                                         text54       0015AC
__ptext55                                         text55       0017A4
__ptext56                                         text56       0011D6
__ptext57                                         text57       0017A6
__ptext58                                         text58       00129A
__ptext59                                         text59       001700
__ptext6                                          text6        00125C
__ptext60                                         text60       001786
__ptext61                                         text61       000BDC
__ptext62                                         text62       0016CE
__ptext63                                         text63       0014DE
__ptext64                                         text64       000000
__ptext7                                          text7        00134A
__ptext8                                          text8        001588
__ptext9                                          text9        0010E8
__ramtop                                          ramtop       000800
__smallconst                                      smallconst   000000
_app_led7_init                                    text30       00166E
_app_led7_task                                    text20       000B1A
_appled7Data                                      bssBANK0     000091
_block_spi                                        bssCOMRAM    000035
_check_spi                                        bssBANK0     0000BD
_coils                                            bssBANK0     000065
_convertedValue                                   bssBANK0     000098
_count                                            bssCOMRAM    000042
_count_end                                        bssCOMRAM    000039
_count_time                                       bssBANK0     000096
_counter1                                         bssCOMRAM    000034
_counter2                                         bssCOMRAM    000033
_counter3                                         bssCOMRAM    000032
_counter4                                         bssCOMRAM    000031
_data_buffer                                      bssBANK1     000168
_data_read_coil                                   bssBANK0     0000CE
_dem                                              dataBANK0    0000DF
_display                                          text24       000956
_eeprom_buffer_read                               bssBANK1     0001B4
_eeprom_buffer_write                              bssBANK1     0001BA
_events_coils_output                              bssBANK0     0000CD
_finish                                           dataCOMRAM   000051
_finish_receive                                   bssCOMRAM    00003B
_flag_has_data                                    bssCOMRAM    000036
_flag_hmi_current_number                          bssCOMRAM    000030
_flag_hmi_current_remain                          bssBANK0     0000CB
_flag_hmi_error                                   bssCOMRAM    000037
_flag_hmi_screen_call                             bssBANK0     0000C9
_flag_hmi_screen_pass                             bssBANK0     0000CA
_flag_hmi_screen_setting                          bssBANK0     0000C8
_flag_priority                                    bssBANK0     0000C7
_flag_r                                           bssCOMRAM    00003D
_flag_reset_screen                                bssBANK0     0000BC
_flag_return_normal                               bssBANK0     0000C6
_flag_write                                       dataBANK0    0000E1
_get_data_spi                                     bssBANK2     000232
_handle_value                                     text21       000D36
_hold_regs                                        bssBANK1     00017C
_hold_regs_7seg                                   bssBANK0     0000A2
_hold_regs_row1                                   bssBIGRAM    0004FD
_hold_regs_row2                                   bssBANK1     000154
_hold_regs_row_byte                               bssBANK3     000300
_hold_setting                                     bssBANK1     00018C
_incomming_hmi_serial                             text52       000C8A
_incomming_modbus_serial                          text61       000BDC
_index                                            bssCOMRAM    00003A
_ky                                               bssBANK1     0001C0
_load_eeprom                                      text28       0016A6
_main                                             text0        000020
_make16                                           text27       001510
_make8                                            text26       00153A
_mbstate                                          bssCOMRAM    00003F
_modbus_address                                   bssBANK0     0000CC
_modbus_auchCRCHi                                 mediumconst  007EF7
_modbus_auchCRCLo                                 mediumconst  007DF7
_modbus_baudrate                                  dataCOMRAM   000050
_modbus_calc_crc                                  text18       00147A
_modbus_check_timeout                             text8        001588
_modbus_enable_timeout                            text10       0016BC
_modbus_exception_rsp                             text12       001632
_modbus_init                                      text11       001614
_modbus_kbhit                                     text7        00134A
_modbus_parity                                    dataCOMRAM   00004F
_modbus_read_coils_rsp                            text6        00125C
_modbus_read_holding_registers_rsp                text5        000F04
_modbus_rx                                        bssBIGRAM    0003FA
_modbus_serial_crc                                bssCOMRAM    00002C
_modbus_serial_new                                bssCOMRAM    000044
_modbus_serial_putc                               text17       0016E0
_modbus_serial_send_start                         text16       001650
_modbus_serial_send_stop                          text13       000FD4
_modbus_serial_state                              bssCOMRAM    000043
_modbus_stop                                      dataCOMRAM   00004E
_modbus_timeout                                   bssBANK0     00007D
_modbus_timeout_enabled                           bssCOMRAM    000040
_modbus_timeout_now                               text9        0010E8
_modbus_write_multiple_coils_rsp                  text4        001448
_modbus_write_multiple_registers_rsp              text3        001416
_modbus_write_single_coil_rsp                     text2        0013E4
_modbus_write_single_register_rsp                 text1        0013B2
_next_index_led                                   bssBANK0     000094
_number                                           bssCOMRAM    000038
_save_reset                                       bssBANK0     00009E
_seg_data                                         dataBANK1    0001D8
_sent_id                                          bssBANK0     0000BE
_spi_reset                                        bssBANK0     00006D
_string                                           bssBANK2     000200
_sum                                              bssBANK0     0000A0
_t                                                bssBANK0     000071
_t_led                                            bssBANK0     000075
_test_receive                                     bssCOMRAM    00003C
_time_giay                                        bssBANK0     000069
_time_gio                                         bssBANK1     0001D0
_time_modbus                                      bssBANK0     000079
_time_next                                        bssBANK1     0001CC
_time_phut                                        bssBANK1     0001D4
_time_previous                                    bssBANK1     0001C8
_time_recall                                      bssBANK1     0001C4
_timeout                                          bssCOMRAM    00003E
_timer0ReloadVal16bit                             bssCOMRAM    00002E
_timer1ReloadVal                                  bssBANK0     0000A6
_timer1_7seg                                      bssCOMRAM    000049
_timer_modbus                                     bssBANK0     0000BA
_timer_tick                                       bssBANK0     00008D
_timer_tick_sum                                   bssBANK0     000089
_transfer_data                                    bssBANK1     000132
_typeData                                         bssBANK0     000085
_typeOfData                                       bssCOMRAM    000041
_uart1RxBuffer                                    bssBANK1     0001AC
_uart1RxCount                                     bssCOMRAM    00004B
_uart1RxHead                                      bssCOMRAM    00004D
_uart1RxLastError                                 bssCOMRAM    00004A
_uart1RxStatusBuffer                              bssBANK1     0001A4
_uart1RxTail                                      bssCOMRAM    00004C
_uart2RxBuffer                                    bssBANK1     00019C
_uart2RxCount                                     bssCOMRAM    000046
_uart2RxHead                                      bssCOMRAM    000048
_uart2RxLastError                                 bssCOMRAM    000045
_uart2RxStatusBuffer                              bssBANK1     000194
_uart2RxTail                                      bssCOMRAM    000047
_value                                            bssBANK0     00009C
_value_go                                         bssBANK0     00009A
_values                                           bssBANK0     000060
_visible_next                                     bssBANK0     0000C5
_visible_previous                                 bssBANK0     0000C4
_visible_priority                                 bssBANK0     0000C2
_visible_recall                                   bssBANK0     0000C3
display@datas                                     cstackCOMRAM 000012
display@value                                     cstackCOMRAM 000011
end_of_initialization                             cinit        000B10
handle_value@data                                 cstackCOMRAM 00001D
handle_value@value                                cstackCOMRAM 00001B
i2_modbus_calc_crc                                text63       0014DE
i2_modbus_enable_timeout                          text62       0016CE
i2modbus_calc_crc@data                            cstackCOMRAM 000001
i2modbus_calc_crc@uIndex                          cstackCOMRAM 000002
i2modbus_enable_timeout@enable                    cstackCOMRAM 000001
incomming_hmi_serial@c                            cstackCOMRAM 00000B
incomming_modbus_serial@c                         cstackCOMRAM 000005
intlevel0                                         text         000000
intlevel1                                         text         000000
intlevel2                                         text         000000
intlevel3                                         text         000000
isa$std                                           (abs)        000001
isa$xinst                                         (abs)        000000
ivt0x8_base                                       ivt0x8       000008
main@addr                                         cstackBANK2  0002B6
main@addr_start                                   cstackBANK2  0002B3
main@addr_start_2899                              cstackBANK2  0002B1
main@address                                      cstackBANK2  0002A1
main@bits                                         cstackBANK2  0002AC
main@buff1                                        cstackBANK2  000296
main@byte_count                                   cstackBANK2  0002B5
main@byte_count_2885                              cstackBANK2  0002AA
main@datas                                        cstackBANK2  00029E
main@i                                            cstackBANK2  00029A
main@i_2876                                       cstackBANK2  0002AD
main@i_2887                                       cstackBANK2  0002A6
main@i_2901                                       cstackBANK2  0002BA
main@index                                        cstackBANK2  0002A5
main@index_2886                                   cstackBANK2  0002AB
main@quantity_output                              cstackBANK2  0002BC
main@quantity_output_2884                         cstackBANK2  0002B8
main@quantity_regs                                cstackBANK2  0002A8
main@quantity_regs_2900                           cstackBANK2  0002A3
main@start_add                                    cstackBANK2  00029F
main@start_add_2883                               cstackBANK2  0002BE
main@value                                        cstackBANK2  0002AF
main@value_2895                                   cstackBANK2  000298
make16@high                                       cstackCOMRAM 000015
make16@low                                        cstackCOMRAM 00000F
make16@value                                      cstackCOMRAM 000016
make8@ofset                                       cstackCOMRAM 000011
make8@value                                       cstackCOMRAM 000015
make8@var                                         cstackCOMRAM 00000F
modbus_calc_crc@data                              cstackCOMRAM 00000F
modbus_calc_crc@uIndex                            cstackCOMRAM 000010
modbus_enable_timeout@enable                      cstackCOMRAM 00000F
modbus_exception_rsp@address                      cstackCOMRAM 00002B
modbus_exception_rsp@error                        cstackBANK0  0000D4
modbus_exception_rsp@func                         cstackBANK0  0000D2
modbus_read_coils_rsp@address                     cstackBANK0  0000D4
modbus_read_coils_rsp@byte_count                  cstackBANK0  0000D2
modbus_read_coils_rsp@coil_data                   cstackBANK0  0000D3
modbus_read_coils_rsp@i                           cstackBANK0  0000D5
modbus_read_holding_registers_rsp@address         cstackBANK0  0000D7
modbus_read_holding_registers_rsp@byte_count      cstackBANK0  0000D2
modbus_read_holding_registers_rsp@i               cstackBANK0  0000D8
modbus_read_holding_registers_rsp@reg_data        cstackBANK0  0000D3
modbus_serial_putc@c                              cstackCOMRAM 000024
modbus_serial_send_start@func                     cstackCOMRAM 000025
modbus_serial_send_start@to                       cstackCOMRAM 000026
modbus_serial_send_stop@crc_high                  cstackCOMRAM 00002A
modbus_serial_send_stop@crc_low                   cstackCOMRAM 000029
modbus_serial_send_stop@j                         cstackCOMRAM 000025
modbus_write_multiple_coils_rsp@address           cstackCOMRAM 00002B
modbus_write_multiple_coils_rsp@quantity          cstackBANK0  0000D4
modbus_write_multiple_coils_rsp@start_address     cstackBANK0  0000D2
modbus_write_multiple_registers_rsp@address       cstackCOMRAM 00002B
modbus_write_multiple_registers_rsp@quantity      cstackBANK0  0000D4
modbus_write_multiple_registers_rsp@start_address cstackBANK0  0000D2
modbus_write_single_coil_rsp@address              cstackCOMRAM 00002B
modbus_write_single_coil_rsp@output_address       cstackBANK0  0000D2
modbus_write_single_coil_rsp@output_value         cstackBANK0  0000D4
modbus_write_single_register_rsp@address          cstackCOMRAM 00002B
modbus_write_single_register_rsp@reg_address      cstackBANK0  0000D2
modbus_write_single_register_rsp@reg_value        cstackBANK0  0000D4
stackhi                                           (abs)        000000
stacklo                                           (abs)        000000
start                                             init         00001C
start_initialization                              cinit        000A48


MODULE INFORMATION

Module		Function		Class		Link	Load	Size
mcc_generated_files/uart2.c
		_UART2_RxDataHandler		CODE           	177C	0000	10
		_UART2_Receive_ISR		CODE           	16F0	0000	16

mcc_generated_files/uart2.c estimated size: 26

../modbus/source_7seg.c
		_display       		CODE           	0956	0000	242
		_handle_value  		CODE           	0D36	0000	166
		_app_led7_task 		CODE           	0B1A	0000	194
		_app_led7_init 		CODE           	166E	0000	28

../modbus/source_7seg.c estimated size: 630

mcc_generated_files/interrupt_manager.c
		_INTERRUPT_Initialize		CODE           	171E	0000	14
		_INTERRUPT_InterruptManagerLow		CODE           	0F74	0000	96
		_INTERRUPT_InterruptManagerHigh		CODE           	129A	0000	62

mcc_generated_files/interrupt_manager.c estimated size: 172

mcc_generated_files/tmr0.c
		_TMR0_SetInterruptHandler		CODE           	1772	0000	10
		_TMR0_DefaultInterruptHandler		CODE           	17A6	0000	2
		_TMR0_ISR      		CODE           	11D6	0000	68
		_TMR0_Initialize		CODE           	12D8	0000	58

mcc_generated_files/tmr0.c estimated size: 138

mcc_generated_files/pin_manager.c
		_PIN_MANAGER_Initialize		CODE           	0DDC	0000	160

mcc_generated_files/pin_manager.c estimated size: 160

C:\Program Files\Microchip\xc8\v2.41\pic\sources\c99\common\lwdiv.c
		___lwdiv       		CODE           	113E	0000	82

C:\Program Files\Microchip\xc8\v2.41\pic\sources\c99\common\lwdiv.c estimated size: 82

eeprom.c
		_EEPROM_Read   		CODE           	15D0	0000	34
		_EEPROM_Write  		CODE           	108C	0000	92

eeprom.c estimated size: 126

../modbus/modbus_app_layer_slave.c
		_modbus_write_single_coil_rsp		CODE           	13E4	0000	50
		_modbus_read_holding_registers_rsp		CODE           	0F04	0000	112
		_modbus_write_multiple_registers_rsp		CODE           	1416	0000	50
		_modbus_init   		CODE           	1614	0000	30
		_modbus_kbhit  		CODE           	134A	0000	52
		_modbus_exception_rsp		CODE           	1632	0000	30
		_modbus_read_coils_rsp		CODE           	125C	0000	62
		_modbus_write_single_register_rsp		CODE           	13B2	0000	50
		_modbus_write_multiple_coils_rsp		CODE           	1448	0000	50

../modbus/modbus_app_layer_slave.c estimated size: 486

mcc_generated_files/uart1.c
		_UART1_Write   		CODE           	1312	0000	56
		_UART1_SetFramingErrorHandler		CODE           	1754	0000	10
		_UART1_SetOverrunErrorHandler		CODE           	174A	0000	10
		_UART1_Receive_ISR		CODE           	1700	0000	16
		_UART1_SetRxInterruptHandler		CODE           	1740	0000	10
		_UART1_is_tx_done		CODE           	1710	0000	14
		_UART1_Initialize		CODE           	0E7C	0000	136
		_UART1_SetErrorHandler		CODE           	175E	0000	10
		_UART1_RxDataHandler		CODE           	1786	0000	10

mcc_generated_files/uart1.c estimated size: 272

../modbus/modbus_phy_layer_rtu_slave.c
		_modbus_serial_send_stop		CODE           	0FD4	0000	92
		_modbus_check_timeout		CODE           	1588	0000	36
		_RCV_OFF       		CODE           	1790	0000	8
		_modbus_timeout_now		CODE           	10E8	0000	86
		_incomming_modbus_serial		CODE           	0BDC	0000	174
		_modbus_serial_send_start		CODE           	1650	0000	30
		_modbus_enable_timeout		CODE           	16BC	0000	18
		_RCV_ON        		CODE           	137E	0000	52
		_incomming_hmi_serial		CODE           	0C8A	0000	172
		_modbus_calc_crc		CODE           	147A	0000	50
		_modbus_serial_putc		CODE           	16E0	0000	16

../modbus/modbus_phy_layer_rtu_slave.c estimated size: 734

shared
		_modbus_auchCRCHi		MEDIUMCONST    	7EF7	0000	256
		_modbus_auchCRCLo		MEDIUMCONST    	7DF7	0000	256
		i2_modbus_enable_timeout		CODE           	16CE	0000	18
		__initialization		CODE           	0A48	0000	200
		i2_modbus_calc_crc		CODE           	14DE	0000	50
		_spi1_configuration		MEDIUMCONST    	0000	0000	0

shared estimated size: 780

mcc_generated_files/mcc.c
		_PMD_Initialize		CODE           	15F2	0000	34
		_OSCILLATOR_Initialize		CODE           	168A	0000	28
		_SYSTEM_Initialize		CODE           	1562	0000	38
		_WWDT_Initialize		CODE           	1736	0000	10
		_WWDT_SoftEnable		CODE           	179C	0000	4

mcc_generated_files/mcc.c estimated size: 114

mcc_generated_files/tmr1.c
		_TMR1_Initialize		CODE           	1190	0000	70
		_TMR1_SetInterruptHandler		CODE           	1768	0000	10
		_TMR1_DefaultInterruptHandler		CODE           	17A4	0000	2
		_TMR1_WriteTimer		CODE           	15AC	0000	36
		_TMR1_ISR      		CODE           	14AC	0000	50

mcc_generated_files/tmr1.c estimated size: 168

mcc_generated_files/adcc.c
		_ADCC_Initialize		CODE           	1030	0000	92

mcc_generated_files/adcc.c estimated size: 92

main.c
		_make8         		CODE           	153A	0000	40
		_main          		CODE           	0020	0000	2358
		_make16        		CODE           	1510	0000	42
		_load_eeprom   		CODE           	16A6	0000	22

main.c estimated size: 2462

C:\Program Files\Microchip\xc8\v2.41\pic\sources\c99\common\lwmod.c
		___lwmod       		CODE           	121A	0000	66

C:\Program Files\Microchip\xc8\v2.41\pic\sources\c99\common\lwmod.c estimated size: 66

